// Jest Snapshot v1, https://goo.gl/fbAQLP

exports[`/auth/forgot-password can get a reset token 1`] = `
Array [
  "_id",
  "token",
  "user",
  "expiresAt",
  "__v",
]
`;

exports[`/auth/reset-password can reset password 1`] = `
Array [
  "0",
  "1",
  "2",
  "3",
  "4",
  "5",
  "6",
  "7",
  "8",
  "9",
  "10",
  "11",
  "12",
  "13",
  "14",
  "15",
  "16",
  "17",
  "18",
  "19",
  "20",
  "21",
  "22",
  "23",
  "24",
  "25",
  "26",
]
`;
